../Core/Src/main.c:84:6:uart_print	16	static
../Core/Src/main.c:96:5:main	248	static
../Core/Src/main.c:239:6:SystemClock_Config	96	static
../Core/Src/main.c:300:13:MX_DFSDM1_Init	8	static
../Core/Src/main.c:338:13:MX_I2C2_Init	8	static
../Core/Src/main.c:386:13:MX_QUADSPI_Init	8	static
../Core/Src/main.c:419:13:MX_SPI3_Init	8	static
../Core/Src/main.c:459:13:MX_USART1_UART_Init	8	static
../Core/Src/main.c:494:13:MX_USART3_UART_Init	8	static
../Core/Src/main.c:529:13:MX_USB_OTG_FS_PCD_Init	8	static
../Core/Src/main.c:564:13:MX_GPIO_Init	48	static
../Core/Src/main.c:758:6:Error_Handler	4	static,ignoring_inline_asm
