../Core/Src/main.c:83:6:uart_print	16	static
../Core/Src/main.c:95:5:main	128	static
../Core/Src/main.c:175:6:SystemClock_Config	96	static
../Core/Src/main.c:236:13:MX_DFSDM1_Init	8	static
../Core/Src/main.c:274:13:MX_I2C2_Init	8	static
../Core/Src/main.c:322:13:MX_QUADSPI_Init	8	static
../Core/Src/main.c:355:13:MX_SPI3_Init	8	static
../Core/Src/main.c:395:13:MX_USART1_UART_Init	8	static
../Core/Src/main.c:430:13:MX_USART3_UART_Init	8	static
../Core/Src/main.c:465:13:MX_USB_OTG_FS_PCD_Init	8	static
../Core/Src/main.c:500:13:MX_GPIO_Init	48	static
../Core/Src/main.c:694:6:Error_Handler	4	static,ignoring_inline_asm
